[debug] [2026-07-30T09:01:57.427Z] ----------------------------------------------------------------------
[debug] [2026-07-30T09:01:57.433Z] Command:       C:\Program Files\nodejs\node.exe C:\Users\PRO\AppData\Roaming\npm\node_modules\firebase-tools\lib\bin\firebase.js deploy --only firestore:rules --project virusconsulents
[debug] [2026-07-30T09:01:57.433Z] CLI Version:   14.19.1
[debug] [2026-07-30T09:01:57.433Z] Platform:      win32
[debug] [2026-07-30T09:01:57.434Z] Node Version:  v26.5.0
[debug] [2026-07-30T09:01:57.434Z] Time:          Thu Jul 30 2026 14:31:57 GMT+0530 (India Standard Time)
[debug] [2026-07-30T09:01:57.434Z] ----------------------------------------------------------------------
[debug] 
[debug] [2026-07-30T09:01:57.442Z] >>> [apiv2][query] GET https://firebase-public.firebaseio.com/cli.json [none]
[debug] [2026-07-30T09:01:58.180Z] > command requires scopes: ["email","openid","https://www.googleapis.com/auth/cloudplatformprojects.readonly","https://www.googleapis.com/auth/firebase","https://www.googleapis.com/auth/cloud-platform"]
[debug] [2026-07-30T09:01:58.181Z] > authorizing via signed-in user (wazeert13@gmail.com)
[debug] [2026-07-30T09:01:58.182Z] [iam] checking project virusconsulents for permissions ["datastore.indexes.create","datastore.indexes.delete","datastore.indexes.list","datastore.indexes.update","firebase.projects.get"]
[debug] [2026-07-30T09:01:58.185Z] Checked if tokens are valid: false, expires at: 1760520164019
[debug] [2026-07-30T09:01:58.186Z] Checked if tokens are valid: false, expires at: 1760520164019
[debug] [2026-07-30T09:01:58.188Z] > refreshing access token with scopes: []
[debug] [2026-07-30T09:01:58.191Z] >>> [apiv2][query] POST https://www.googleapis.com/oauth2/v3/token [none]
[debug] [2026-07-30T09:01:58.192Z] >>> [apiv2][body] POST https://www.googleapis.com/oauth2/v3/token [omitted]
[debug] [2026-07-30T09:01:58.504Z] <<< [apiv2][status] POST https://www.googleapis.com/oauth2/v3/token 400
[debug] [2026-07-30T09:01:58.505Z] <<< [apiv2][body] POST https://www.googleapis.com/oauth2/v3/token [omitted]
[debug] [2026-07-30T09:01:58.505Z] >>> [apiv2][query] POST https://cloudresourcemanager.googleapis.com/v1/projects/virusconsulents:testIamPermissions [none]
[debug] [2026-07-30T09:01:58.506Z] >>> [apiv2][(partial)header] POST https://cloudresourcemanager.googleapis.com/v1/projects/virusconsulents:testIamPermissions x-goog-quota-user=projects/virusconsulents
[debug] [2026-07-30T09:01:58.506Z] >>> [apiv2][body] POST https://cloudresourcemanager.googleapis.com/v1/projects/virusconsulents:testIamPermissions {"permissions":["datastore.indexes.create","datastore.indexes.delete","datastore.indexes.list","datastore.indexes.update","firebase.projects.get"]}
[debug] [2026-07-30T09:01:58.908Z] <<< [apiv2][status] GET https://firebase-public.firebaseio.com/cli.json 200
[debug] [2026-07-30T09:01:58.908Z] <<< [apiv2][body] GET https://firebase-public.firebaseio.com/cli.json {"cloudBuildErrorAfter":1594252800000,"cloudBuildWarnAfter":1590019200000,"defaultNode10After":1594252800000,"minVersion":"3.0.5","node8DeploysDisabledAfter":1613390400000,"node8RuntimeDisabledAfter":1615809600000,"node8WarnAfter":1600128000000}
[debug] [2026-07-30T09:01:59.884Z] <<< [apiv2][status] POST https://cloudresourcemanager.googleapis.com/v1/projects/virusconsulents:testIamPermissions 401
[debug] [2026-07-30T09:01:59.885Z] <<< [apiv2][body] POST https://cloudresourcemanager.googleapis.com/v1/projects/virusconsulents:testIamPermissions {"error":{"code":401,"message":"Request had invalid authentication credentials. Expected OAuth 2 access token, login cookie or other valid authentication credential. See https://developers.google.com/identity/sign-in/web/devconsole-project.","status":"UNAUTHENTICATED","details":[{"@type":"type.googleapis.com/google.rpc.ErrorInfo","reason":"ACCESS_TOKEN_TYPE_UNSUPPORTED","metadata":{"method":"google.cloudresourcemanager.v1.Projects.TestIamPermissions","service":"cloudresourcemanager.googleapis.com"}}]}}
[debug] [2026-07-30T09:01:59.885Z] Got a 401 Unauthenticated error for a call that required authentication. Refreshing tokens.
[debug] [2026-07-30T09:01:59.885Z] Checked if tokens are valid: false, expires at: 1760520164019
[debug] [2026-07-30T09:01:59.886Z] Checked if tokens are valid: false, expires at: 1760520164019
[debug] [2026-07-30T09:01:59.886Z] > refreshing access token with scopes: []
[debug] [2026-07-30T09:01:59.887Z] >>> [apiv2][query] POST https://www.googleapis.com/oauth2/v3/token [none]
[debug] [2026-07-30T09:01:59.887Z] >>> [apiv2][body] POST https://www.googleapis.com/oauth2/v3/token [omitted]
[debug] [2026-07-30T09:01:59.966Z] <<< [apiv2][status] POST https://www.googleapis.com/oauth2/v3/token 400
[debug] [2026-07-30T09:01:59.967Z] <<< [apiv2][body] POST https://www.googleapis.com/oauth2/v3/token [omitted]
[debug] [2026-07-30T09:01:59.969Z] [iam] error while checking permissions, command may fail: Request to https://cloudresourcemanager.googleapis.com/v1/projects/virusconsulents:testIamPermissions had HTTP Error: 401, Request had invalid authentication credentials. Expected OAuth 2 access token, login cookie or other valid authentication credential. See https://developers.google.com/identity/sign-in/web/devconsole-project.
[info] 
[info] === Deploying to 'virusconsulents'...
[info] 
[info] i  deploying firestore 
[info] i  firestore: ensuring required API firestore.googleapis.com is enabled... 
[debug] [2026-07-30T09:01:59.977Z] Checked if tokens are valid: false, expires at: 1760520164019
[debug] [2026-07-30T09:01:59.977Z] Checked if tokens are valid: false, expires at: 1760520164019
[debug] [2026-07-30T09:01:59.978Z] > refreshing access token with scopes: []
[debug] [2026-07-30T09:01:59.978Z] >>> [apiv2][query] POST https://www.googleapis.com/oauth2/v3/token [none]
[debug] [2026-07-30T09:01:59.978Z] >>> [apiv2][body] POST https://www.googleapis.com/oauth2/v3/token [omitted]
[debug] [2026-07-30T09:02:00.053Z] <<< [apiv2][status] POST https://www.googleapis.com/oauth2/v3/token 400
[debug] [2026-07-30T09:02:00.054Z] <<< [apiv2][body] POST https://www.googleapis.com/oauth2/v3/token [omitted]
[debug] [2026-07-30T09:02:00.054Z] >>> [apiv2][query] GET https://serviceusage.googleapis.com/v1/projects/virusconsulents/services/firestore.googleapis.com [none]
[debug] [2026-07-30T09:02:00.055Z] >>> [apiv2][(partial)header] GET https://serviceusage.googleapis.com/v1/projects/virusconsulents/services/firestore.googleapis.com x-goog-quota-user=projects/virusconsulents
[debug] [2026-07-30T09:02:01.827Z] <<< [apiv2][status] GET https://serviceusage.googleapis.com/v1/projects/virusconsulents/services/firestore.googleapis.com 401
[debug] [2026-07-30T09:02:01.827Z] <<< [apiv2][body] GET https://serviceusage.googleapis.com/v1/projects/virusconsulents/services/firestore.googleapis.com [omitted]
[debug] [2026-07-30T09:02:01.828Z] Got a 401 Unauthenticated error for a call that required authentication. Refreshing tokens.
[debug] [2026-07-30T09:02:01.828Z] Checked if tokens are valid: false, expires at: 1760520164019
[debug] [2026-07-30T09:02:01.828Z] Checked if tokens are valid: false, expires at: 1760520164019
[debug] [2026-07-30T09:02:01.828Z] > refreshing access token with scopes: []
[debug] [2026-07-30T09:02:01.829Z] >>> [apiv2][query] POST https://www.googleapis.com/oauth2/v3/token [none]
[debug] [2026-07-30T09:02:01.830Z] >>> [apiv2][body] POST https://www.googleapis.com/oauth2/v3/token [omitted]
[debug] [2026-07-30T09:02:01.937Z] <<< [apiv2][status] POST https://www.googleapis.com/oauth2/v3/token 400
[debug] [2026-07-30T09:02:01.937Z] <<< [apiv2][body] POST https://www.googleapis.com/oauth2/v3/token [omitted]
[error] 
[error] Error: Request to https://serviceusage.googleapis.com/v1/projects/virusconsulents/services/firestore.googleapis.com had HTTP Error: 401, Request had invalid authentication credentials. Expected OAuth 2 access token, login cookie or other valid authentication credential. See https://developers.google.com/identity/sign-in/web/devconsole-project.
[debug] [2026-07-30T09:02:02.198Z] Error Context: {
  "body": {
    "error": {
      "code": 401,
      "message": "Request had invalid authentication credentials. Expected OAuth 2 access token, login cookie or other valid authentication credential. See https://developers.google.com/identity/sign-in/web/devconsole-project.",
      "status": "UNAUTHENTICATED",
      "details": [
        {
          "@type": "type.googleapis.com/google.rpc.ErrorInfo",
          "reason": "ACCESS_TOKEN_TYPE_UNSUPPORTED",
          "metadata": {
            "method": "google.api.serviceusage.v1.ServiceUsage.GetService",
            "service": "serviceusage.googleapis.com"
          }
        }
      ]
    }
  },
  "response": {
    "statusCode": 401
  }
}
